// Jest Snapshot v1, https://goo.gl/fbAQLP

exports[`ArticleCardContainer should render without crashing 1`] = `ShallowWrapper {}`;
