// Jest Snapshot v1, https://goo.gl/fbAQLP

exports[`ArticleCard should render without crashing 1`] = `ShallowWrapper {}`;
