// Jest Snapshot v1, https://goo.gl/fbAQLP

exports[`NavBarContainer should render without crashing 1`] = `ShallowWrapper {}`;
