// Jest Snapshot v1, https://goo.gl/fbAQLP

exports[`SignupModal should render without crashing 1`] = `ShallowWrapper {}`;
