// Jest Snapshot v1, https://goo.gl/fbAQLP

exports[`ProfileContainer should render without crashing 1`] = `ShallowWrapper {}`;
