// Jest Snapshot v1, https://goo.gl/fbAQLP

exports[`UpdateProfileModal should render without crashing 1`] = `ShallowWrapper {}`;
