// Jest Snapshot v1, https://goo.gl/fbAQLP

exports[`UpdateArticle page  should call on click functions 1`] = `ShallowWrapper {}`;

exports[`UpdateArticle page  should receive props 1`] = `ShallowWrapper {}`;

exports[`UpdateArticle page  should render without crashing 1`] = `ShallowWrapper {}`;
